******************************************************************************
            TI ARM Clang Linker PC v4.0.4                      
******************************************************************************
>> Linked Tue Jun  2 12:26:40 2026

OUTPUT FILE NAME:   <gpio_toggle_output--test.out>
ENTRY POINT SYMBOL: "_c_int00_noinit_noargs"  address: 00000285


MEMORY CONFIGURATION

         name            origin    length      used     unused   attr    fill
----------------------  --------  ---------  --------  --------  ----  --------
  FLASH                 00000000   00020000  000002f8  0001fd08  R  X
  SRAM                  20200000   00008000  00000200  00007e00  RW X
  BCR_CONFIG            41c00000   000000ff  00000000  000000ff  R   
  BSL_CONFIG            41c00100   00000080  00000000  00000080  R   


SEGMENT ALLOCATION MAP

run origin  load origin   length   init length attrs members
----------  ----------- ---------- ----------- ----- -------
00000000    00000000    000002f8   000002f8    r-x
  00000000    00000000    000000c0   000000c0    r-- .intvecs
  000000c0    000000c0    00000228   00000228    r-x .text
  000002e8    000002e8    00000010   00000010    r-- .rodata
20207e00    20207e00    00000200   00000000    rw-
  20207e00    20207e00    00000200   00000000    rw- .stack


SECTION ALLOCATION MAP

 output                                  attributes/
section   page    origin      length       input sections
--------  ----  ----------  ----------   ----------------
.intvecs   0    00000000    000000c0     
                  00000000    000000c0     startup_mspm0g350x_ticlang.o (.intvecs)

.text      0    000000c0    00000228     
                  000000c0    00000094     ti_msp_dl_config.o (.text.SYSCFG_DL_UART_0_init)
                  00000154    00000048     driverlib.a : dl_uart.o (.text.DL_UART_init)
                  0000019c    00000048     gpio_toggle_output.o (.text.main)
                  000001e4    0000003c     ti_msp_dl_config.o (.text.SYSCFG_DL_GPIO_init)
                  00000220    00000034     ti_msp_dl_config.o (.text.SYSCFG_DL_initPower)
                  00000254    00000030     ti_msp_dl_config.o (.text.SYSCFG_DL_SYSCTL_init)
                  00000284    00000020     libc.a : boot_cortex_m.c.obj (.text:_c_int00_noinit_noargs)
                  000002a4    00000014     ti_msp_dl_config.o (.text.SYSCFG_DL_init)
                  000002b8    00000012     driverlib.a : dl_uart.o (.text.DL_UART_setClockConfig)
                  000002ca    0000000a                 : dl_common.o (.text.DL_Common_delayCycles)
                  000002d4    00000006     libc.a : exit.c.obj (.text:abort)
                  000002da    00000004     libsysbm.a : hostexit.c.obj (.text.HOSTexit)
                  000002de    00000004     startup_mspm0g350x_ticlang.o (.text.Reset_Handler)
                  000002e2    00000004     libc.a : pre_init.c.obj (.text._system_pre_init)
                  000002e6    00000002     startup_mspm0g350x_ticlang.o (.text.Default_Handler)

.cinit     0    00000000    00000000     

.rodata    0    000002e8    00000010     
                  000002e8    0000000a     ti_msp_dl_config.o (.rodata.gUART_0Config)
                  000002f2    00000002     ti_msp_dl_config.o (.rodata.gUART_0ClockConfig)
                  000002f4    00000004     --HOLE-- [fill = 0]

.init_array 
*          0    00000000    00000000     UNINITIALIZED

.binit     0    00000000    00000000     

.stack     0    20207e00    00000200     UNINITIALIZED
                  20207e00    00000004     libc.a : boot_cortex_m.c.obj (.stack)
                  20207e04    000001fc     --HOLE--

__llvm_prf_cnts 
*          0    20200000    00000000     UNINITIALIZED

__llvm_prf_bits 
*          0    20200000    00000000     UNINITIALIZED

MODULE SUMMARY

       Module                         code   ro data   rw data
       ------                         ----   -------   -------
    .\
       ti_msp_dl_config.o             328    12        0      
       startup_mspm0g350x_ticlang.o   6      192       0      
       gpio_toggle_output.o           72     0         0      
    +--+------------------------------+------+---------+---------+
       Total:                         406    204       0      
                                                              
    C:/ti/mspm0_sdk_2_10_00_04/source/ti/driverlib/lib/ticlang/m0p/mspm0g1x0x_g3x0x/driverlib.a
       dl_uart.o                      90     0         0      
       dl_common.o                    10     0         0      
    +--+------------------------------+------+---------+---------+
       Total:                         100    0         0      
                                                              
    C:\ti\ccs2051\ccs\tools\compiler\ti-cgt-armllvm_4.0.4.LTS\lib\armv6m-ti-none-eabi/c/libc.a
       boot_cortex_m.c.obj            32     0         0      
       exit.c.obj                     6      0         0      
       pre_init.c.obj                 4      0         0      
    +--+------------------------------+------+---------+---------+
       Total:                         42     0         0      
                                                              
    C:\ti\ccs2051\ccs\tools\compiler\ti-cgt-armllvm_4.0.4.LTS\lib\armv6m-ti-none-eabi/c/libsysbm.a
       hostexit.c.obj                 4      0         0      
    +--+------------------------------+------+---------+---------+
       Total:                         4      0         0      
                                                              
       Stack:                         0      0         512    
    +--+------------------------------+------+---------+---------+
       Grand Total:                   552    204       512    


GLOBAL SYMBOLS: SORTED ALPHABETICALLY BY Name 

address   name                    
-------   ----                    
000002e7  ADC0_IRQHandler         
000002e7  ADC1_IRQHandler         
000002e7  AES_IRQHandler          
000002da  C$$EXIT                 
000002e7  CANFD0_IRQHandler       
000002e7  DAC0_IRQHandler         
000002cb  DL_Common_delayCycles   
00000155  DL_UART_init            
000002b9  DL_UART_setClockConfig  
000002e7  DMA_IRQHandler          
000002e7  Default_Handler         
000002e7  GROUP0_IRQHandler       
000002e7  GROUP1_IRQHandler       
000002db  HOSTexit                
000002e7  HardFault_Handler       
000002e7  I2C0_IRQHandler         
000002e7  I2C1_IRQHandler         
000002e7  NMI_Handler             
000002e7  PendSV_Handler          
000002e7  RTC_IRQHandler          
000002df  Reset_Handler           
000002e7  SPI0_IRQHandler         
000002e7  SPI1_IRQHandler         
000002e7  SVC_Handler             
000001e5  SYSCFG_DL_GPIO_init     
00000255  SYSCFG_DL_SYSCTL_init   
000000c1  SYSCFG_DL_UART_0_init   
000002a5  SYSCFG_DL_init          
00000221  SYSCFG_DL_initPower     
000002e7  SysTick_Handler         
000002e7  TIMA0_IRQHandler        
000002e7  TIMA1_IRQHandler        
000002e7  TIMG0_IRQHandler        
000002e7  TIMG12_IRQHandler       
000002e7  TIMG6_IRQHandler        
000002e7  TIMG7_IRQHandler        
000002e7  TIMG8_IRQHandler        
000002e7  UART0_IRQHandler        
000002e7  UART1_IRQHandler        
000002e7  UART2_IRQHandler        
000002e7  UART3_IRQHandler        
20208000  __STACK_END             
00000200  __STACK_SIZE            
00000000  __TI_ATRegion0_region_sz
00000000  __TI_ATRegion0_src_addr 
00000000  __TI_ATRegion0_trg_addr 
00000000  __TI_ATRegion1_region_sz
00000000  __TI_ATRegion1_src_addr 
00000000  __TI_ATRegion1_trg_addr 
00000000  __TI_ATRegion2_region_sz
00000000  __TI_ATRegion2_src_addr 
00000000  __TI_ATRegion2_trg_addr 
00000000  __TI_CINIT_Base         
00000000  __TI_CINIT_Limit        
00000000  __TI_CINIT_Warm         
ffffffff  __TI_pprof_out_hndl     
ffffffff  __TI_prof_data_size     
ffffffff  __TI_prof_data_start    
00000000  __TI_static_base__      
ffffffff  __binit__               
UNDEFED   __mpu_init              
20207e00  __stack                 
20200000  __start___llvm_prf_bits 
20200000  __start___llvm_prf_cnts 
20200000  __stop___llvm_prf_bits  
20200000  __stop___llvm_prf_cnts  
00000285  _c_int00_noinit_noargs  
000002e3  _system_pre_init        
000002d5  abort                   
ffffffff  binit                   
00000000  interruptVectors        
0000019d  main                    


GLOBAL SYMBOLS: SORTED BY Symbol Address 

address   name                    
-------   ----                    
00000000  __TI_ATRegion0_region_sz
00000000  __TI_ATRegion0_src_addr 
00000000  __TI_ATRegion0_trg_addr 
00000000  __TI_ATRegion1_region_sz
00000000  __TI_ATRegion1_src_addr 
00000000  __TI_ATRegion1_trg_addr 
00000000  __TI_ATRegion2_region_sz
00000000  __TI_ATRegion2_src_addr 
00000000  __TI_ATRegion2_trg_addr 
00000000  __TI_CINIT_Base         
00000000  __TI_CINIT_Limit        
00000000  __TI_CINIT_Warm         
00000000  __TI_static_base__      
00000000  interruptVectors        
000000c1  SYSCFG_DL_UART_0_init   
00000155  DL_UART_init            
0000019d  main                    
000001e5  SYSCFG_DL_GPIO_init     
00000200  __STACK_SIZE            
00000221  SYSCFG_DL_initPower     
00000255  SYSCFG_DL_SYSCTL_init   
00000285  _c_int00_noinit_noargs  
000002a5  SYSCFG_DL_init          
000002b9  DL_UART_setClockConfig  
000002cb  DL_Common_delayCycles   
000002d5  abort                   
000002da  C$$EXIT                 
000002db  HOSTexit                
000002df  Reset_Handler           
000002e3  _system_pre_init        
000002e7  ADC0_IRQHandler         
000002e7  ADC1_IRQHandler         
000002e7  AES_IRQHandler          
000002e7  CANFD0_IRQHandler       
000002e7  DAC0_IRQHandler         
000002e7  DMA_IRQHandler          
000002e7  Default_Handler         
000002e7  GROUP0_IRQHandler       
000002e7  GROUP1_IRQHandler       
000002e7  HardFault_Handler       
000002e7  I2C0_IRQHandler         
000002e7  I2C1_IRQHandler         
000002e7  NMI_Handler             
000002e7  PendSV_Handler          
000002e7  RTC_IRQHandler          
000002e7  SPI0_IRQHandler         
000002e7  SPI1_IRQHandler         
000002e7  SVC_Handler             
000002e7  SysTick_Handler         
000002e7  TIMA0_IRQHandler        
000002e7  TIMA1_IRQHandler        
000002e7  TIMG0_IRQHandler        
000002e7  TIMG12_IRQHandler       
000002e7  TIMG6_IRQHandler        
000002e7  TIMG7_IRQHandler        
000002e7  TIMG8_IRQHandler        
000002e7  UART0_IRQHandler        
000002e7  UART1_IRQHandler        
000002e7  UART2_IRQHandler        
000002e7  UART3_IRQHandler        
20200000  __start___llvm_prf_bits 
20200000  __start___llvm_prf_cnts 
20200000  __stop___llvm_prf_bits  
20200000  __stop___llvm_prf_cnts  
20207e00  __stack                 
20208000  __STACK_END             
ffffffff  __TI_pprof_out_hndl     
ffffffff  __TI_prof_data_size     
ffffffff  __TI_prof_data_start    
ffffffff  __binit__               
ffffffff  binit                   
UNDEFED   __mpu_init              

[72 symbols]
