******************************************************************************
            TI ARM Clang Linker PC v4.0.4                      
******************************************************************************
>> Linked Thu Jun  4 07:23:49 2026

OUTPUT FILE NAME:   <adc12_single_conversion_vref_internal---test.out>
ENTRY POINT SYMBOL: "_c_int00_noargs"  address: 0000213d


MEMORY CONFIGURATION

         name            origin    length      used     unused   attr    fill
----------------------  --------  ---------  --------  --------  ----  --------
  FLASH                 00000000   00020000  000024d8  0001db28  R  X
  SRAM                  20200000   00008000  00000215  00007deb  RW X
  BCR_CONFIG            41c00000   000000ff  00000000  000000ff  R   
  BSL_CONFIG            41c00100   00000080  00000000  00000080  R   


SEGMENT ALLOCATION MAP

run origin  load origin   length   init length attrs members
----------  ----------- ---------- ----------- ----- -------
00000000    00000000    00002358   00002358    r-x
  00000000    00000000    000000c0   000000c0    r-- .intvecs
  000000c0    000000c0    00002298   00002298    r-x .text
00002360    00002360    00000180   00000180    r--
  00002360    00002360    00000150   00000150    r-- .rodata
  000024b0    000024b0    00000030   00000030    r-- .cinit
20200000    20200000    00000015   00000000    rw-
  20200000    20200000    00000014   00000000    rw- .data
  20200014    20200014    00000001   00000000    rw- .bss
20207e00    20207e00    00000200   00000000    rw-
  20207e00    20207e00    00000200   00000000    rw- .stack


SECTION ALLOCATION MAP

 output                                  attributes/
section   page    origin      length       input sections
--------  ----  ----------  ----------   ----------------
.intvecs   0    00000000    000000c0     
                  00000000    000000c0     startup_mspm0g350x_ticlang.o (.intvecs)

.text      0    000000c0    00002298     
                  000000c0    000009d0     libc.a : _printfi.c.obj (.text:__TI_printfi)
                  00000a90    00000238     adc12_single_conversion_vref_internal.o (.text.main)
                  00000cc8    00000220     libc.a : _printfi.c.obj (.text._pconv_a)
                  00000ee8    000001dc            : _printfi.c.obj (.text._pconv_g)
                  000010c4    00000192     libclang_rt.builtins.a : adddf3.S.obj (.text.adddf3_subdf3)
                  00001256    00000002     startup_mspm0g350x_ticlang.o (.text.Default_Handler)
                  00001258    0000013c     libc.a : _printfi.c.obj (.text.fcvt)
                  00001394    00000120            : _printfi.c.obj (.text._pconv_e)
                  000014b4    0000010c     libclang_rt.builtins.a : divdf3.S.obj (.text.__divdf3)
                  000015c0    000000e4                            : muldf3.S.obj (.text.__muldf3)
                  000016a4    000000d8     libc.a : s_scalbn.c.obj (.text.scalbn)
                  0000177c    000000a2     libclang_rt.builtins.a : udivmoddi4.S.obj (.text)
                  0000181e    0000009a     libc.a : memcpy16.S.obj (.text:memcpy)
                  000018b8    0000007c            : copy_decompress_lzss.c.obj (.text:decompress:lzss)
                  00001934    00000074     libclang_rt.builtins.a : comparedf2.c.obj (.text.__gedf2)
                  000019a8    00000070     ti_msp_dl_config.o (.text.SYSCFG_DL_UART_0_init)
                  00001a18    00000068     libclang_rt.builtins.a : comparedf2.c.obj (.text.__ledf2)
                  00001a80    00000066     libc.a : _printfi.c.obj (.text._mcpy)
                  00001ae6    00000002     libclang_rt.builtins.a : aeabi_div0.c.obj (.text.__aeabi_idiv0)
                  00001ae8    00000062                            : aeabi_dcmp.S.obj (.text.__aeabi_dcmp)
                  00001b4a    00000062     libc.a : memset16.S.obj (.text:memset)
                  00001bac    0000005c            : s_frexp.c.obj (.text.frexp)
                  00001c08    00000058            : _ltoa.c.obj (.text.__TI_ltoa)
                  00001c60    00000058            : _printfi.c.obj (.text._pconv_f)
                  00001cb8    00000056     libclang_rt.builtins.a : aeabi_idivmod.S.obj (.text.__aeabi_idivmod)
                  00001d0e    00000052     libc.a : _printfi.c.obj (.text._ecpy)
                  00001d60    00000050     ti_msp_dl_config.o (.text.SYSCFG_DL_ADC12_0_init)
                  00001db0    0000004c     ti_msp_dl_config.o (.text.SYSCFG_DL_initPower)
                  00001dfc    0000004c     libc.a : snprintf.c.obj (.text.snprintf)
                  00001e48    0000004a     libclang_rt.builtins.a : fixdfsi.S.obj (.text.__fixdfsi)
                  00001e92    00000002                            : aeabi_div0.c.obj (.text.__aeabi_ldiv0)
                  00001e94    00000048     driverlib.a : dl_uart.o (.text.DL_UART_init)
                  00001edc    00000040                 : dl_adc12.o (.text.DL_ADC12_setClockConfig)
                  00001f1c    00000040     libclang_rt.builtins.a : aeabi_uidivmod.S.obj (.text.__aeabi_uidivmod)
                  00001f5c    00000040     libc.a : atoi.c.obj (.text.atoi)
                  00001f9c    0000003c     ti_msp_dl_config.o (.text.SYSCFG_DL_GPIO_init)
                  00001fd8    0000003c     libc.a : autoinit.c.obj (.text:__TI_auto_init_nobinit_nopinit)
                  00002014    0000003a     libclang_rt.builtins.a : muldsi3.S.obj (.text.__muldsi3)
                  0000204e    00000002     --HOLE-- [fill = 0]
                  00002050    00000030     driverlib.a : dl_uart.o (.text.DL_UART_transmitDataBlocking)
                  00002080    00000030     ti_msp_dl_config.o (.text.SYSCFG_DL_SYSCTL_init)
                  000020b0    00000030     libc.a : _printfi.c.obj (.text._fcpy)
                  000020e0    00000030            : snprintf.c.obj (.text._outs)
                  00002110    0000002c     libclang_rt.builtins.a : floatsidf.S.obj (.text.__floatsidf)
                  0000213c    00000028     libc.a : boot_cortex_m.c.obj (.text:_c_int00_noargs)
                  00002164    00000024     ti_msp_dl_config.o (.text.SYSCFG_DL_VREF_init)
                  00002188    00000024     libclang_rt.builtins.a : muldi3.S.obj (.text.__muldi3)
                  000021ac    00000022     driverlib.a : dl_vref.o (.text.DL_VREF_configReference)
                  000021ce    00000022     libc.a : memccpy.c.obj (.text.memccpy)
                  000021f0    0000001e     libclang_rt.builtins.a : ashldi3.S.obj (.text.__ashldi3)
                  0000220e    00000002     --HOLE-- [fill = 0]
                  00002210    0000001c     adc12_single_conversion_vref_internal.o (.text.ADC0_IRQHandler)
                  0000222c    0000001c     ti_msp_dl_config.o (.text.SYSCFG_DL_init)
                  00002248    00000018     libc.a : snprintf.c.obj (.text._outc)
                  00002260    00000016            : copy_zero_init.c.obj (.text:decompress:ZI:__TI_zero_init_nomemset)
                  00002276    00000002     --HOLE-- [fill = 0]
                  00002278    00000014     libclang_rt.builtins.a : aeabi_uldivmod.S.obj (.text.__aeabi_uldivmod)
                  0000228c    00000014     libc.a : _printfi.c.obj (.text.strchr)
                  000022a0    00000012     driverlib.a : dl_uart.o (.text.DL_UART_setClockConfig)
                  000022b2    00000012                 : dl_vref.o (.text.DL_VREF_setClockConfig)
                  000022c4    00000012     libc.a : copy_decompress_none.c.obj (.text:decompress:none)
                  000022d6    00000010            : wcslen.c.obj (.text.wcslen)
                  000022e6    00000002     --HOLE-- [fill = 0]
                  000022e8    0000000e     libclang_rt.builtins.a : aeabi_memset.S.obj (.text.__aeabi_memset)
                  000022f6    0000000e     libc.a : _printfi.c.obj (.text.strlen)
                  00002304    0000000a     driverlib.a : dl_common.o (.text.DL_Common_delayCycles)
                  0000230e    0000000a     libc.a : _printfi.c.obj (.text.OUTLINED_FUNCTION_0)
                  00002318    00000010     libclang_rt.builtins.a : adddf3.S.obj (.tramp.__aeabi_dsub.1)
                  00002328    0000000a     libc.a : _printfi.c.obj (.text.OUTLINED_FUNCTION_1)
                  00002332    00000002     --HOLE-- [fill = 0]
                  00002334    00000008            : aeabi_portable.c.obj (.text.__aeabi_errno_addr)
                  0000233c    00000008     libclang_rt.builtins.a : aeabi_memcpy.S.obj (.text.__aeabi_memcpy)
                  00002344    00000006     libc.a : exit.c.obj (.text:abort)
                  0000234a    00000004     libsysbm.a : hostexit.c.obj (.text.HOSTexit)
                  0000234e    00000004     startup_mspm0g350x_ticlang.o (.text.Reset_Handler)
                  00002352    00000004     libc.a : pre_init.c.obj (.text._system_pre_init)
                  00002356    00000002     --HOLE-- [fill = 0]

.cinit     0    000024b0    00000030     
                  000024b0    0000000c     (__TI_handler_table)
                  000024bc    00000008     (.cinit..bss.load) [load image, compression = zero_init]
                  000024c4    00000008     (.cinit..data.load) [load image, compression = lzss]
                  000024cc    00000010     (__TI_cinit_table)
                  000024dc    00000004     --HOLE-- [fill = 0]

.rodata    0    00002360    00000150     
                  00002360    00000101     libc.a : aeabi_ctype.S.obj (.rodata:__aeabi_ctype_table_)
                  00002461    00000011            : _printfi.c.obj (.rodata.str1.10348868589481759720.1)
                  00002472    00000011            : _printfi.c.obj (.rodata.str1.15363888844622738466.1)
                  00002483    00000001     --HOLE-- [fill = 0]
                  00002484    0000000a     ti_msp_dl_config.o (.rodata.gUART_0Config)
                  0000248e    00000002     ti_msp_dl_config.o (.rodata.gUART_0ClockConfig)
                  00002490    00000008     ti_msp_dl_config.o (.rodata.gADC12_0ClockConfig)
                  00002498    00000008     ti_msp_dl_config.o (.rodata.gVREFConfig)
                  000024a0    00000003     adc12_single_conversion_vref_internal.o (.rodata.str1.5369965016256315057.1)
                  000024a3    00000002     ti_msp_dl_config.o (.rodata.gVREFClockConfig)
                  000024a5    0000000b     --HOLE-- [fill = 0]

.init_array 
*          0    00000000    00000000     UNINITIALIZED

.binit     0    00000000    00000000     

.data      0    20200000    00000014     UNINITIALIZED
                  20200000    00000004     libc.a : aeabi_portable.c.obj (.data.__aeabi_errno)
                  20200004    00000004     adc12_single_conversion_vref_internal.o (.data.compare_adcResult)
                  20200008    00000004     adc12_single_conversion_vref_internal.o (.data.new_adcResult)
                  2020000c    00000004     adc12_single_conversion_vref_internal.o (.data.old_adcResult)
                  20200010    00000004     adc12_single_conversion_vref_internal.o (.data.print_counter)

.bss       0    20200014    00000001     UNINITIALIZED
                  20200014    00000001     (.common:gCheckADC)

.stack     0    20207e00    00000200     UNINITIALIZED
                  20207e00    00000004     libc.a : boot_cortex_m.c.obj (.stack)
                  20207e04    000001fc     --HOLE--

__llvm_prf_cnts 
*          0    20200000    00000000     UNINITIALIZED

__llvm_prf_bits 
*          0    20200000    00000000     UNINITIALIZED

MODULE SUMMARY

       Module                                    code   ro data   rw data
       ------                                    ----   -------   -------
    .\
       adc12_single_conversion_vref_internal.o   596    3         17     
       ti_msp_dl_config.o                        440    30        0      
       startup_mspm0g350x_ticlang.o              6      192       0      
    +--+-----------------------------------------+------+---------+---------+
       Total:                                    1042   225       17     
                                                                         
    C:/ti/mspm0_sdk_2_10_00_04/source/ti/driverlib/lib/ticlang/m0p/mspm0g1x0x_g3x0x/driverlib.a
       dl_uart.o                                 138    0         0      
       dl_adc12.o                                64     0         0      
       dl_vref.o                                 52     0         0      
       dl_common.o                               10     0         0      
    +--+-----------------------------------------+------+---------+---------+
       Total:                                    264    0         0      
                                                                         
    C:\ti\ccs2051\ccs\tools\compiler\ti-cgt-armllvm_4.0.4.LTS\lib\armv6m-ti-none-eabi/c/libc.a
       _printfi.c.obj                            4510   34        0      
       aeabi_ctype.S.obj                         0      257       0      
       s_scalbn.c.obj                            216    0         0      
       memcpy16.S.obj                            154    0         0      
       snprintf.c.obj                            148    0         0      
       copy_decompress_lzss.c.obj                124    0         0      
       memset16.S.obj                            98     0         0      
       s_frexp.c.obj                             92     0         0      
       _ltoa.c.obj                               88     0         0      
       atoi.c.obj                                64     0         0      
       autoinit.c.obj                            60     0         0      
       boot_cortex_m.c.obj                       40     0         0      
       memccpy.c.obj                             34     0         0      
       copy_zero_init.c.obj                      22     0         0      
       copy_decompress_none.c.obj                18     0         0      
       wcslen.c.obj                              16     0         0      
       aeabi_portable.c.obj                      8      0         4      
       exit.c.obj                                6      0         0      
       pre_init.c.obj                            4      0         0      
    +--+-----------------------------------------+------+---------+---------+
       Total:                                    5702   291       4      
                                                                         
    C:\ti\ccs2051\ccs\tools\compiler\ti-cgt-armllvm_4.0.4.LTS\lib\armv6m-ti-none-eabi/c/libsysbm.a
       hostexit.c.obj                            4      0         0      
    +--+-----------------------------------------+------+---------+---------+
       Total:                                    4      0         0      
                                                                         
    C:\ti\ccs2051\ccs\tools\compiler\ti-cgt-armllvm_4.0.4.LTS\lib\armv6m-ti-none-eabi/libclang_rt.builtins.a
       adddf3.S.obj                              418    0         0      
       divdf3.S.obj                              268    0         0      
       muldf3.S.obj                              228    0         0      
       comparedf2.c.obj                          220    0         0      
       udivmoddi4.S.obj                          162    0         0      
       aeabi_dcmp.S.obj                          98     0         0      
       aeabi_idivmod.S.obj                       86     0         0      
       fixdfsi.S.obj                             74     0         0      
       aeabi_uidivmod.S.obj                      64     0         0      
       muldsi3.S.obj                             58     0         0      
       floatsidf.S.obj                           44     0         0      
       muldi3.S.obj                              36     0         0      
       ashldi3.S.obj                             30     0         0      
       aeabi_uldivmod.S.obj                      20     0         0      
       aeabi_memset.S.obj                        14     0         0      
       aeabi_memcpy.S.obj                        8      0         0      
       aeabi_div0.c.obj                          4      0         0      
    +--+-----------------------------------------+------+---------+---------+
       Total:                                    1832   0         0      
                                                                         
       Stack:                                    0      0         512    
       Linker Generated:                         0      44        0      
    +--+-----------------------------------------+------+---------+---------+
       Grand Total:                              8844   560       533    


LINKER GENERATED COPY TABLES

__TI_cinit_table @ 000024cc records: 2, size/record: 8, table size: 16
	.bss: load addr=000024bc, load size=00000008 bytes, run addr=20200014, run size=00000001 bytes, compression=zero_init
	.data: load addr=000024c4, load size=00000008 bytes, run addr=20200000, run size=00000014 bytes, compression=lzss


LINKER GENERATED HANDLER TABLE

__TI_handler_table @ 000024b0 records: 3, size/record: 4, table size: 12
	index: 0, handler: __TI_decompress_lzss
	index: 1, handler: __TI_decompress_none
	index: 2, handler: __TI_zero_init


FAR CALL TRAMPOLINES

callee name               trampoline name
   callee addr  tramp addr   call addr  call info
--------------  -----------  ---------  ----------------
__aeabi_dsub              $Tramp$TT$L$PI$$__aeabi_dsub
   000010c5     00002318     00002316   libc.a : _printfi.c.obj (.text.OUTLINED_FUNCTION_0)

[1 trampolines]
[1 trampoline calls]


GLOBAL SYMBOLS: SORTED ALPHABETICALLY BY Name 

address   name                          
-------   ----                          
00002211  ADC0_IRQHandler               
00001257  ADC1_IRQHandler               
00001257  AES_IRQHandler                
0000234a  C$$EXIT                       
00001257  CANFD0_IRQHandler             
00001257  DAC0_IRQHandler               
00001edd  DL_ADC12_setClockConfig       
00002305  DL_Common_delayCycles         
00001e95  DL_UART_init                  
000022a1  DL_UART_setClockConfig        
00002051  DL_UART_transmitDataBlocking  
000021ad  DL_VREF_configReference       
000022b3  DL_VREF_setClockConfig        
00001257  DMA_IRQHandler                
00001257  Default_Handler               
00001257  GROUP0_IRQHandler             
00001257  GROUP1_IRQHandler             
0000234b  HOSTexit                      
00001257  HardFault_Handler             
00001257  I2C0_IRQHandler               
00001257  I2C1_IRQHandler               
00001257  NMI_Handler                   
00001257  PendSV_Handler                
00001257  RTC_IRQHandler                
0000234f  Reset_Handler                 
00001257  SPI0_IRQHandler               
00001257  SPI1_IRQHandler               
00001257  SVC_Handler                   
00001d61  SYSCFG_DL_ADC12_0_init        
00001f9d  SYSCFG_DL_GPIO_init           
00002081  SYSCFG_DL_SYSCTL_init         
000019a9  SYSCFG_DL_UART_0_init         
00002165  SYSCFG_DL_VREF_init           
0000222d  SYSCFG_DL_init                
00001db1  SYSCFG_DL_initPower           
00001257  SysTick_Handler               
00001257  TIMA0_IRQHandler              
00001257  TIMA1_IRQHandler              
00001257  TIMG0_IRQHandler              
00001257  TIMG12_IRQHandler             
00001257  TIMG6_IRQHandler              
00001257  TIMG7_IRQHandler              
00001257  TIMG8_IRQHandler              
00001257  UART0_IRQHandler              
00001257  UART1_IRQHandler              
00001257  UART2_IRQHandler              
00001257  UART3_IRQHandler              
20208000  __STACK_END                   
00000200  __STACK_SIZE                  
00000000  __TI_ATRegion0_region_sz      
00000000  __TI_ATRegion0_src_addr       
00000000  __TI_ATRegion0_trg_addr       
00000000  __TI_ATRegion1_region_sz      
00000000  __TI_ATRegion1_src_addr       
00000000  __TI_ATRegion1_trg_addr       
00000000  __TI_ATRegion2_region_sz      
00000000  __TI_ATRegion2_src_addr       
00000000  __TI_ATRegion2_trg_addr       
000024cc  __TI_CINIT_Base               
000024dc  __TI_CINIT_Limit              
000024dc  __TI_CINIT_Warm               
000024b0  __TI_Handler_Table_Base       
000024bc  __TI_Handler_Table_Limit      
00001fd9  __TI_auto_init_nobinit_nopinit
000018b9  __TI_decompress_lzss          
000022c5  __TI_decompress_none          
00001c09  __TI_ltoa                     
ffffffff  __TI_pprof_out_hndl           
000000c1  __TI_printfi                  
ffffffff  __TI_prof_data_size           
ffffffff  __TI_prof_data_start          
00000000  __TI_static_base__            
00002261  __TI_zero_init_nomemset       
000010cf  __adddf3                      
00002360  __aeabi_ctype_table_          
00002360  __aeabi_ctype_table_C         
00001e49  __aeabi_d2iz                  
000010cf  __aeabi_dadd                  
00001ae9  __aeabi_dcmpeq                
00001b25  __aeabi_dcmpge                
00001b39  __aeabi_dcmpgt                
00001b11  __aeabi_dcmple                
00001afd  __aeabi_dcmplt                
000014b5  __aeabi_ddiv                  
000015c1  __aeabi_dmul                  
000010c5  __aeabi_dsub                  
20200000  __aeabi_errno                 
00002335  __aeabi_errno_addr            
00002111  __aeabi_i2d                   
00001cb9  __aeabi_idiv                  
00001ae7  __aeabi_idiv0                 
00001cb9  __aeabi_idivmod               
00001e93  __aeabi_ldiv0                 
000021f1  __aeabi_llsl                  
00002189  __aeabi_lmul                  
0000233d  __aeabi_memcpy                
0000233d  __aeabi_memcpy4               
0000233d  __aeabi_memcpy8               
000022e9  __aeabi_memset                
000022e9  __aeabi_memset4               
000022e9  __aeabi_memset8               
00001f1d  __aeabi_uidiv                 
00001f1d  __aeabi_uidivmod              
00002279  __aeabi_uldivmod              
000021f1  __ashldi3                     
ffffffff  __binit__                     
00001a19  __cmpdf2                      
000014b5  __divdf3                      
00001a19  __eqdf2                       
00001e49  __fixdfsi                     
00002111  __floatsidf                   
00001935  __gedf2                       
00001935  __gtdf2                       
00001a19  __ledf2                       
00001a19  __ltdf2                       
UNDEFED   __mpu_init                    
000015c1  __muldf3                      
00002189  __muldi3                      
00002015  __muldsi3                     
00001a19  __nedf2                       
20207e00  __stack                       
20200000  __start___llvm_prf_bits       
20200000  __start___llvm_prf_cnts       
20200000  __stop___llvm_prf_bits        
20200000  __stop___llvm_prf_cnts        
000010c5  __subdf3                      
0000177d  __udivmoddi4                  
0000213d  _c_int00_noargs               
UNDEFED   _system_post_cinit            
00002353  _system_pre_init              
00002345  abort                         
00001f5d  atoi                          
ffffffff  binit                         
20200004  compare_adcResult             
00001bad  frexp                         
00001bad  frexpl                        
20200014  gCheckADC                     
00000000  interruptVectors              
000016a5  ldexp                         
000016a5  ldexpl                        
00000a91  main                          
000021cf  memccpy                       
0000181f  memcpy                        
00001b4b  memset                        
20200008  new_adcResult                 
2020000c  old_adcResult                 
20200010  print_counter                 
000016a5  scalbn                        
000016a5  scalbnl                       
00001dfd  snprintf                      
000022d7  wcslen                        


GLOBAL SYMBOLS: SORTED BY Symbol Address 

address   name                          
-------   ----                          
00000000  __TI_ATRegion0_region_sz      
00000000  __TI_ATRegion0_src_addr       
00000000  __TI_ATRegion0_trg_addr       
00000000  __TI_ATRegion1_region_sz      
00000000  __TI_ATRegion1_src_addr       
00000000  __TI_ATRegion1_trg_addr       
00000000  __TI_ATRegion2_region_sz      
00000000  __TI_ATRegion2_src_addr       
00000000  __TI_ATRegion2_trg_addr       
00000000  __TI_static_base__            
00000000  interruptVectors              
000000c1  __TI_printfi                  
00000200  __STACK_SIZE                  
00000a91  main                          
000010c5  __aeabi_dsub                  
000010c5  __subdf3                      
000010cf  __adddf3                      
000010cf  __aeabi_dadd                  
00001257  ADC1_IRQHandler               
00001257  AES_IRQHandler                
00001257  CANFD0_IRQHandler             
00001257  DAC0_IRQHandler               
00001257  DMA_IRQHandler                
00001257  Default_Handler               
00001257  GROUP0_IRQHandler             
00001257  GROUP1_IRQHandler             
00001257  HardFault_Handler             
00001257  I2C0_IRQHandler               
00001257  I2C1_IRQHandler               
00001257  NMI_Handler                   
00001257  PendSV_Handler                
00001257  RTC_IRQHandler                
00001257  SPI0_IRQHandler               
00001257  SPI1_IRQHandler               
00001257  SVC_Handler                   
00001257  SysTick_Handler               
00001257  TIMA0_IRQHandler              
00001257  TIMA1_IRQHandler              
00001257  TIMG0_IRQHandler              
00001257  TIMG12_IRQHandler             
00001257  TIMG6_IRQHandler              
00001257  TIMG7_IRQHandler              
00001257  TIMG8_IRQHandler              
00001257  UART0_IRQHandler              
00001257  UART1_IRQHandler              
00001257  UART2_IRQHandler              
00001257  UART3_IRQHandler              
000014b5  __aeabi_ddiv                  
000014b5  __divdf3                      
000015c1  __aeabi_dmul                  
000015c1  __muldf3                      
000016a5  ldexp                         
000016a5  ldexpl                        
000016a5  scalbn                        
000016a5  scalbnl                       
0000177d  __udivmoddi4                  
0000181f  memcpy                        
000018b9  __TI_decompress_lzss          
00001935  __gedf2                       
00001935  __gtdf2                       
000019a9  SYSCFG_DL_UART_0_init         
00001a19  __cmpdf2                      
00001a19  __eqdf2                       
00001a19  __ledf2                       
00001a19  __ltdf2                       
00001a19  __nedf2                       
00001ae7  __aeabi_idiv0                 
00001ae9  __aeabi_dcmpeq                
00001afd  __aeabi_dcmplt                
00001b11  __aeabi_dcmple                
00001b25  __aeabi_dcmpge                
00001b39  __aeabi_dcmpgt                
00001b4b  memset                        
00001bad  frexp                         
00001bad  frexpl                        
00001c09  __TI_ltoa                     
00001cb9  __aeabi_idiv                  
00001cb9  __aeabi_idivmod               
00001d61  SYSCFG_DL_ADC12_0_init        
00001db1  SYSCFG_DL_initPower           
00001dfd  snprintf                      
00001e49  __aeabi_d2iz                  
00001e49  __fixdfsi                     
00001e93  __aeabi_ldiv0                 
00001e95  DL_UART_init                  
00001edd  DL_ADC12_setClockConfig       
00001f1d  __aeabi_uidiv                 
00001f1d  __aeabi_uidivmod              
00001f5d  atoi                          
00001f9d  SYSCFG_DL_GPIO_init           
00001fd9  __TI_auto_init_nobinit_nopinit
00002015  __muldsi3                     
00002051  DL_UART_transmitDataBlocking  
00002081  SYSCFG_DL_SYSCTL_init         
00002111  __aeabi_i2d                   
00002111  __floatsidf                   
0000213d  _c_int00_noargs               
00002165  SYSCFG_DL_VREF_init           
00002189  __aeabi_lmul                  
00002189  __muldi3                      
000021ad  DL_VREF_configReference       
000021cf  memccpy                       
000021f1  __aeabi_llsl                  
000021f1  __ashldi3                     
00002211  ADC0_IRQHandler               
0000222d  SYSCFG_DL_init                
00002261  __TI_zero_init_nomemset       
00002279  __aeabi_uldivmod              
000022a1  DL_UART_setClockConfig        
000022b3  DL_VREF_setClockConfig        
000022c5  __TI_decompress_none          
000022d7  wcslen                        
000022e9  __aeabi_memset                
000022e9  __aeabi_memset4               
000022e9  __aeabi_memset8               
00002305  DL_Common_delayCycles         
00002335  __aeabi_errno_addr            
0000233d  __aeabi_memcpy                
0000233d  __aeabi_memcpy4               
0000233d  __aeabi_memcpy8               
00002345  abort                         
0000234a  C$$EXIT                       
0000234b  HOSTexit                      
0000234f  Reset_Handler                 
00002353  _system_pre_init              
00002360  __aeabi_ctype_table_          
00002360  __aeabi_ctype_table_C         
000024b0  __TI_Handler_Table_Base       
000024bc  __TI_Handler_Table_Limit      
000024cc  __TI_CINIT_Base               
000024dc  __TI_CINIT_Limit              
000024dc  __TI_CINIT_Warm               
20200000  __aeabi_errno                 
20200000  __start___llvm_prf_bits       
20200000  __start___llvm_prf_cnts       
20200000  __stop___llvm_prf_bits        
20200000  __stop___llvm_prf_cnts        
20200004  compare_adcResult             
20200008  new_adcResult                 
2020000c  old_adcResult                 
20200010  print_counter                 
20200014  gCheckADC                     
20207e00  __stack                       
20208000  __STACK_END                   
ffffffff  __TI_pprof_out_hndl           
ffffffff  __TI_prof_data_size           
ffffffff  __TI_prof_data_start          
ffffffff  __binit__                     
ffffffff  binit                         
UNDEFED   __mpu_init                    
UNDEFED   _system_post_cinit            

[151 symbols]
