******************************************************************************
            TI ARM Clang Linker PC v4.0.4                      
******************************************************************************
>> Linked Wed Jun  3 13:47:03 2026

OUTPUT FILE NAME:   <adc12_single_conversion_vref_internal---test.out>
ENTRY POINT SYMBOL: "_c_int00_noargs"  address: 000002b1


MEMORY CONFIGURATION

         name            origin    length      used     unused   attr    fill
----------------------  --------  ---------  --------  --------  ----  --------
  FLASH                 00000000   00020000  000003c8  0001fc38  R  X
  SRAM                  20200000   00008000  00000201  00007dff  RW X
  BCR_CONFIG            41c00000   000000ff  00000000  000000ff  R   
  BSL_CONFIG            41c00100   00000080  00000000  00000080  R   


SEGMENT ALLOCATION MAP

run origin  load origin   length   init length attrs members
----------  ----------- ---------- ----------- ----- -------
00000000    00000000    000003c8   000003c8    r-x
  00000000    00000000    000000c0   000000c0    r-- .intvecs
  000000c0    000000c0    000002d8   000002d8    r-x .text
  00000398    00000398    00000018   00000018    r-- .rodata
  000003b0    000003b0    00000018   00000018    r-- .cinit
20200000    20200000    00000001   00000000    rw-
  20200000    20200000    00000001   00000000    rw- .bss
20207e00    20207e00    00000200   00000000    rw-
  20207e00    20207e00    00000200   00000000    rw- .stack


SECTION ALLOCATION MAP

 output                                  attributes/
section   page    origin      length       input sections
--------  ----  ----------  ----------   ----------------
.intvecs   0    00000000    000000c0     
                  00000000    000000c0     startup_mspm0g350x_ticlang.o (.intvecs)

.text      0    000000c0    000002d8     
                  000000c0    00000084     adc12_single_conversion_vref_internal.o (.text.main)
                  00000144    00000050     ti_msp_dl_config.o (.text.SYSCFG_DL_ADC12_0_init)
                  00000194    00000040     driverlib.a : dl_adc12.o (.text.DL_ADC12_setClockConfig)
                  000001d4    00000040     ti_msp_dl_config.o (.text.SYSCFG_DL_initPower)
                  00000214    0000003c     libc.a : autoinit.c.obj (.text:__TI_auto_init_nobinit_nopinit)
                  00000250    00000030     ti_msp_dl_config.o (.text.SYSCFG_DL_GPIO_init)
                  00000280    00000030     ti_msp_dl_config.o (.text.SYSCFG_DL_SYSCTL_init)
                  000002b0    00000028     libc.a : boot_cortex_m.c.obj (.text:_c_int00_noargs)
                  000002d8    00000024     ti_msp_dl_config.o (.text.SYSCFG_DL_VREF_init)
                  000002fc    00000022     driverlib.a : dl_vref.o (.text.DL_VREF_configReference)
                  0000031e    00000002     startup_mspm0g350x_ticlang.o (.text.Default_Handler)
                  00000320    0000001c     adc12_single_conversion_vref_internal.o (.text.ADC0_IRQHandler)
                  0000033c    00000018     ti_msp_dl_config.o (.text.SYSCFG_DL_init)
                  00000354    00000016     libc.a : copy_zero_init.c.obj (.text:decompress:ZI:__TI_zero_init_nomemset)
                  0000036a    00000012     driverlib.a : dl_vref.o (.text.DL_VREF_setClockConfig)
                  0000037c    0000000a                 : dl_common.o (.text.DL_Common_delayCycles)
                  00000386    00000006     libc.a : exit.c.obj (.text:abort)
                  0000038c    00000004     libsysbm.a : hostexit.c.obj (.text.HOSTexit)
                  00000390    00000004     startup_mspm0g350x_ticlang.o (.text.Reset_Handler)
                  00000394    00000004     libc.a : pre_init.c.obj (.text._system_pre_init)

.cinit     0    000003b0    00000018     
                  000003b0    00000008     (.cinit..bss.load) [load image, compression = zero_init]
                  000003b8    00000004     (__TI_handler_table)
                  000003bc    00000008     (__TI_cinit_table)
                  000003c4    00000004     --HOLE-- [fill = 0]

.rodata    0    00000398    00000018     
                  00000398    00000008     ti_msp_dl_config.o (.rodata.gADC12_0ClockConfig)
                  000003a0    00000008     ti_msp_dl_config.o (.rodata.gVREFConfig)
                  000003a8    00000002     ti_msp_dl_config.o (.rodata.gVREFClockConfig)
                  000003aa    00000006     --HOLE-- [fill = 0]

.init_array 
*          0    00000000    00000000     UNINITIALIZED

.binit     0    00000000    00000000     

.bss       0    20200000    00000001     UNINITIALIZED
                  20200000    00000001     (.common:gCheckADC)

.stack     0    20207e00    00000200     UNINITIALIZED
                  20207e00    00000004     libc.a : boot_cortex_m.c.obj (.stack)
                  20207e04    000001fc     --HOLE--

__llvm_prf_cnts 
*          0    20200000    00000000     UNINITIALIZED

__llvm_prf_bits 
*          0    20200000    00000000     UNINITIALIZED

MODULE SUMMARY

       Module                                    code   ro data   rw data
       ------                                    ----   -------   -------
    .\
       ti_msp_dl_config.o                        300    18        0      
       startup_mspm0g350x_ticlang.o              6      192       0      
       adc12_single_conversion_vref_internal.o   160    0         1      
    +--+-----------------------------------------+------+---------+---------+
       Total:                                    466    210       1      
                                                                         
    C:/ti/mspm0_sdk_2_10_00_04/source/ti/driverlib/lib/ticlang/m0p/mspm0g1x0x_g3x0x/driverlib.a
       dl_adc12.o                                64     0         0      
       dl_vref.o                                 52     0         0      
       dl_common.o                               10     0         0      
    +--+-----------------------------------------+------+---------+---------+
       Total:                                    126    0         0      
                                                                         
    C:\ti\ccs2051\ccs\tools\compiler\ti-cgt-armllvm_4.0.4.LTS\lib\armv6m-ti-none-eabi/c/libc.a
       autoinit.c.obj                            60     0         0      
       boot_cortex_m.c.obj                       40     0         0      
       copy_zero_init.c.obj                      22     0         0      
       exit.c.obj                                6      0         0      
       pre_init.c.obj                            4      0         0      
    +--+-----------------------------------------+------+---------+---------+
       Total:                                    132    0         0      
                                                                         
    C:\ti\ccs2051\ccs\tools\compiler\ti-cgt-armllvm_4.0.4.LTS\lib\armv6m-ti-none-eabi/c/libsysbm.a
       hostexit.c.obj                            4      0         0      
    +--+-----------------------------------------+------+---------+---------+
       Total:                                    4      0         0      
                                                                         
       Stack:                                    0      0         512    
       Linker Generated:                         0      20        0      
    +--+-----------------------------------------+------+---------+---------+
       Grand Total:                              728    230       513    


LINKER GENERATED COPY TABLES

__TI_cinit_table @ 000003bc records: 1, size/record: 8, table size: 8
	.bss: load addr=000003b0, load size=00000008 bytes, run addr=20200000, run size=00000001 bytes, compression=zero_init


LINKER GENERATED HANDLER TABLE

__TI_handler_table @ 000003b8 records: 1, size/record: 4, table size: 4
	index: 0, handler: __TI_zero_init


GLOBAL SYMBOLS: SORTED ALPHABETICALLY BY Name 

address   name                          
-------   ----                          
00000321  ADC0_IRQHandler               
0000031f  ADC1_IRQHandler               
0000031f  AES_IRQHandler                
0000038c  C$$EXIT                       
0000031f  CANFD0_IRQHandler             
0000031f  DAC0_IRQHandler               
00000195  DL_ADC12_setClockConfig       
0000037d  DL_Common_delayCycles         
000002fd  DL_VREF_configReference       
0000036b  DL_VREF_setClockConfig        
0000031f  DMA_IRQHandler                
0000031f  Default_Handler               
0000031f  GROUP0_IRQHandler             
0000031f  GROUP1_IRQHandler             
0000038d  HOSTexit                      
0000031f  HardFault_Handler             
0000031f  I2C0_IRQHandler               
0000031f  I2C1_IRQHandler               
0000031f  NMI_Handler                   
0000031f  PendSV_Handler                
0000031f  RTC_IRQHandler                
00000391  Reset_Handler                 
0000031f  SPI0_IRQHandler               
0000031f  SPI1_IRQHandler               
0000031f  SVC_Handler                   
00000145  SYSCFG_DL_ADC12_0_init        
00000251  SYSCFG_DL_GPIO_init           
00000281  SYSCFG_DL_SYSCTL_init         
000002d9  SYSCFG_DL_VREF_init           
0000033d  SYSCFG_DL_init                
000001d5  SYSCFG_DL_initPower           
0000031f  SysTick_Handler               
0000031f  TIMA0_IRQHandler              
0000031f  TIMA1_IRQHandler              
0000031f  TIMG0_IRQHandler              
0000031f  TIMG12_IRQHandler             
0000031f  TIMG6_IRQHandler              
0000031f  TIMG7_IRQHandler              
0000031f  TIMG8_IRQHandler              
0000031f  UART0_IRQHandler              
0000031f  UART1_IRQHandler              
0000031f  UART2_IRQHandler              
0000031f  UART3_IRQHandler              
20208000  __STACK_END                   
00000200  __STACK_SIZE                  
00000000  __TI_ATRegion0_region_sz      
00000000  __TI_ATRegion0_src_addr       
00000000  __TI_ATRegion0_trg_addr       
00000000  __TI_ATRegion1_region_sz      
00000000  __TI_ATRegion1_src_addr       
00000000  __TI_ATRegion1_trg_addr       
00000000  __TI_ATRegion2_region_sz      
00000000  __TI_ATRegion2_src_addr       
00000000  __TI_ATRegion2_trg_addr       
000003bc  __TI_CINIT_Base               
000003c4  __TI_CINIT_Limit              
000003c4  __TI_CINIT_Warm               
000003b8  __TI_Handler_Table_Base       
000003bc  __TI_Handler_Table_Limit      
00000215  __TI_auto_init_nobinit_nopinit
ffffffff  __TI_pprof_out_hndl           
ffffffff  __TI_prof_data_size           
ffffffff  __TI_prof_data_start          
00000000  __TI_static_base__            
00000355  __TI_zero_init_nomemset       
ffffffff  __binit__                     
UNDEFED   __mpu_init                    
20207e00  __stack                       
20200000  __start___llvm_prf_bits       
20200000  __start___llvm_prf_cnts       
20200000  __stop___llvm_prf_bits        
20200000  __stop___llvm_prf_cnts        
000002b1  _c_int00_noargs               
UNDEFED   _system_post_cinit            
00000395  _system_pre_init              
00000387  abort                         
ffffffff  binit                         
20200000  gCheckADC                     
00000000  interruptVectors              
000000c1  main                          


GLOBAL SYMBOLS: SORTED BY Symbol Address 

address   name                          
-------   ----                          
00000000  __TI_ATRegion0_region_sz      
00000000  __TI_ATRegion0_src_addr       
00000000  __TI_ATRegion0_trg_addr       
00000000  __TI_ATRegion1_region_sz      
00000000  __TI_ATRegion1_src_addr       
00000000  __TI_ATRegion1_trg_addr       
00000000  __TI_ATRegion2_region_sz      
00000000  __TI_ATRegion2_src_addr       
00000000  __TI_ATRegion2_trg_addr       
00000000  __TI_static_base__            
00000000  interruptVectors              
000000c1  main                          
00000145  SYSCFG_DL_ADC12_0_init        
00000195  DL_ADC12_setClockConfig       
000001d5  SYSCFG_DL_initPower           
00000200  __STACK_SIZE                  
00000215  __TI_auto_init_nobinit_nopinit
00000251  SYSCFG_DL_GPIO_init           
00000281  SYSCFG_DL_SYSCTL_init         
000002b1  _c_int00_noargs               
000002d9  SYSCFG_DL_VREF_init           
000002fd  DL_VREF_configReference       
0000031f  ADC1_IRQHandler               
0000031f  AES_IRQHandler                
0000031f  CANFD0_IRQHandler             
0000031f  DAC0_IRQHandler               
0000031f  DMA_IRQHandler                
0000031f  Default_Handler               
0000031f  GROUP0_IRQHandler             
0000031f  GROUP1_IRQHandler             
0000031f  HardFault_Handler             
0000031f  I2C0_IRQHandler               
0000031f  I2C1_IRQHandler               
0000031f  NMI_Handler                   
0000031f  PendSV_Handler                
0000031f  RTC_IRQHandler                
0000031f  SPI0_IRQHandler               
0000031f  SPI1_IRQHandler               
0000031f  SVC_Handler                   
0000031f  SysTick_Handler               
0000031f  TIMA0_IRQHandler              
0000031f  TIMA1_IRQHandler              
0000031f  TIMG0_IRQHandler              
0000031f  TIMG12_IRQHandler             
0000031f  TIMG6_IRQHandler              
0000031f  TIMG7_IRQHandler              
0000031f  TIMG8_IRQHandler              
0000031f  UART0_IRQHandler              
0000031f  UART1_IRQHandler              
0000031f  UART2_IRQHandler              
0000031f  UART3_IRQHandler              
00000321  ADC0_IRQHandler               
0000033d  SYSCFG_DL_init                
00000355  __TI_zero_init_nomemset       
0000036b  DL_VREF_setClockConfig        
0000037d  DL_Common_delayCycles         
00000387  abort                         
0000038c  C$$EXIT                       
0000038d  HOSTexit                      
00000391  Reset_Handler                 
00000395  _system_pre_init              
000003b8  __TI_Handler_Table_Base       
000003bc  __TI_CINIT_Base               
000003bc  __TI_Handler_Table_Limit      
000003c4  __TI_CINIT_Limit              
000003c4  __TI_CINIT_Warm               
20200000  __start___llvm_prf_bits       
20200000  __start___llvm_prf_cnts       
20200000  __stop___llvm_prf_bits        
20200000  __stop___llvm_prf_cnts        
20200000  gCheckADC                     
20207e00  __stack                       
20208000  __STACK_END                   
ffffffff  __TI_pprof_out_hndl           
ffffffff  __TI_prof_data_size           
ffffffff  __TI_prof_data_start          
ffffffff  __binit__                     
ffffffff  binit                         
UNDEFED   __mpu_init                    
UNDEFED   _system_post_cinit            

[80 symbols]
