******************************************************************************
            TI ARM Clang Linker PC v4.0.4                      
******************************************************************************
>> Linked Tue Jun  2 21:06:13 2026

OUTPUT FILE NAME:   <uart_echo_interrupts_standby--test.out>
ENTRY POINT SYMBOL: "_c_int00_noargs"  address: 000007a1


MEMORY CONFIGURATION

         name            origin    length      used     unused   attr    fill
----------------------  --------  ---------  --------  --------  ----  --------
  FLASH                 00000000   00020000  000008a8  0001f758  R  X
  SRAM                  20200000   00008000  00000201  00007dff  RW X
  BCR_CONFIG            41c00000   000000ff  00000000  000000ff  R   
  BSL_CONFIG            41c00100   00000080  00000000  00000080  R   


SEGMENT ALLOCATION MAP

run origin  load origin   length   init length attrs members
----------  ----------- ---------- ----------- ----- -------
00000000    00000000    000008a8   000008a8    r-x
  00000000    00000000    000000c0   000000c0    r-- .intvecs
  000000c0    000000c0    00000768   00000768    r-x .text
  00000828    00000828    00000068   00000068    r-- .rodata
  00000890    00000890    00000018   00000018    r-- .cinit
20200000    20200000    00000001   00000000    rw-
  20200000    20200000    00000001   00000000    rw- .data
20207e00    20207e00    00000200   00000000    rw-
  20207e00    20207e00    00000200   00000000    rw- .stack


SECTION ALLOCATION MAP

 output                                  attributes/
section   page    origin      length       input sections
--------  ----  ----------  ----------   ----------------
.intvecs   0    00000000    000000c0     
                  00000000    000000c0     startup_mspm0g350x_ticlang.o (.intvecs)

.text      0    000000c0    00000768     
                  000000c0    000002e8     uart_echo_interrupts_standby.o (.text.main)
                  000003a8    00000108     ti_msp_dl_config.o (.text.SYSCFG_DL_GPIO_init)
                  000004b0    0000009a     libc.a : memcpy16.S.obj (.text:memcpy)
                  0000054a    00000002     startup_mspm0g350x_ticlang.o (.text.Default_Handler)
                  0000054c    0000007c     libc.a : copy_decompress_lzss.c.obj (.text:decompress:lzss)
                  000005c8    00000070     ti_msp_dl_config.o (.text.SYSCFG_DL_UART_0_init)
                  00000638    0000004c     ti_msp_dl_config.o (.text.SYSCFG_DL_SYSCTL_init)
                  00000684    00000048     driverlib.a : dl_uart.o (.text.DL_UART_init)
                  000006cc    0000003c     libc.a : autoinit.c.obj (.text:__TI_auto_init_nobinit_nopinit)
                  00000708    00000034     ti_msp_dl_config.o (.text.SYSCFG_DL_initPower)
                  0000073c    00000034     uart_echo_interrupts_standby.o (.text.UART0_IRQHandler)
                  00000770    00000030     driverlib.a : dl_uart.o (.text.DL_UART_transmitDataBlocking)
                  000007a0    00000028     libc.a : boot_cortex_m.c.obj (.text:_c_int00_noargs)
                  000007c8    00000014     ti_msp_dl_config.o (.text.SYSCFG_DL_init)
                  000007dc    00000012     driverlib.a : dl_uart.o (.text.DL_UART_setClockConfig)
                  000007ee    00000012     libc.a : copy_decompress_none.c.obj (.text:decompress:none)
                  00000800    0000000a     driverlib.a : dl_common.o (.text.DL_Common_delayCycles)
                  0000080a    00000002     --HOLE-- [fill = 0]
                  0000080c    00000008     libclang_rt.builtins.a : aeabi_memcpy.S.obj (.text.__aeabi_memcpy)
                  00000814    00000006     libc.a : exit.c.obj (.text:abort)
                  0000081a    00000004     libsysbm.a : hostexit.c.obj (.text.HOSTexit)
                  0000081e    00000004     startup_mspm0g350x_ticlang.o (.text.Reset_Handler)
                  00000822    00000004     libc.a : pre_init.c.obj (.text._system_pre_init)
                  00000826    00000002     --HOLE-- [fill = 0]

.cinit     0    00000890    00000018     
                  00000890    00000008     (__TI_handler_table)
                  00000898    00000005     (.cinit..data.load) [load image, compression = lzss]
                  0000089d    00000003     --HOLE-- [fill = 0]
                  000008a0    00000008     (__TI_cinit_table)

.rodata    0    00000828    00000068     
                  00000828    00000036     ti_msp_dl_config.o (.rodata..L__const.SYSCFG_DL_GPIO_init.unusedPinIndexes)
                  0000085e    00000025     uart_echo_interrupts_standby.o (.rodata.str1.6723396846271600999.1)
                  00000883    00000001     --HOLE-- [fill = 0]
                  00000884    0000000a     ti_msp_dl_config.o (.rodata.gUART_0Config)
                  0000088e    00000002     ti_msp_dl_config.o (.rodata.gUART_0ClockConfig)

.init_array 
*          0    00000000    00000000     UNINITIALIZED

.binit     0    00000000    00000000     

.data      0    20200000    00000001     UNINITIALIZED
                  20200000    00000001     uart_echo_interrupts_standby.o (.data.gEchoData)

.stack     0    20207e00    00000200     UNINITIALIZED
                  20207e00    00000004     libc.a : boot_cortex_m.c.obj (.stack)
                  20207e04    000001fc     --HOLE--

__llvm_prf_cnts 
*          0    20200000    00000000     UNINITIALIZED

__llvm_prf_bits 
*          0    20200000    00000000     UNINITIALIZED

MODULE SUMMARY

       Module                           code   ro data   rw data
       ------                           ----   -------   -------
    .\
       uart_echo_interrupts_standby.o   796    37        1      
       ti_msp_dl_config.o               524    66        0      
       startup_mspm0g350x_ticlang.o     6      192       0      
    +--+--------------------------------+------+---------+---------+
       Total:                           1326   295       1      
                                                                
    C:/ti/mspm0_sdk_2_10_00_04/source/ti/driverlib/lib/ticlang/m0p/mspm0g1x0x_g3x0x/driverlib.a
       dl_uart.o                        138    0         0      
       dl_common.o                      10     0         0      
    +--+--------------------------------+------+---------+---------+
       Total:                           148    0         0      
                                                                
    C:\ti\ccs2051\ccs\tools\compiler\ti-cgt-armllvm_4.0.4.LTS\lib\armv6m-ti-none-eabi/c/libc.a
       memcpy16.S.obj                   154    0         0      
       copy_decompress_lzss.c.obj       124    0         0      
       autoinit.c.obj                   60     0         0      
       boot_cortex_m.c.obj              40     0         0      
       copy_decompress_none.c.obj       18     0         0      
       exit.c.obj                       6      0         0      
       pre_init.c.obj                   4      0         0      
    +--+--------------------------------+------+---------+---------+
       Total:                           406    0         0      
                                                                
    C:\ti\ccs2051\ccs\tools\compiler\ti-cgt-armllvm_4.0.4.LTS\lib\armv6m-ti-none-eabi/c/libsysbm.a
       hostexit.c.obj                   4      0         0      
    +--+--------------------------------+------+---------+---------+
       Total:                           4      0         0      
                                                                
    C:\ti\ccs2051\ccs\tools\compiler\ti-cgt-armllvm_4.0.4.LTS\lib\armv6m-ti-none-eabi/libclang_rt.builtins.a
       aeabi_memcpy.S.obj               8      0         0      
    +--+--------------------------------+------+---------+---------+
       Total:                           8      0         0      
                                                                
       Stack:                           0      0         512    
       Linker Generated:                0      21        0      
    +--+--------------------------------+------+---------+---------+
       Grand Total:                     1892   316       513    


LINKER GENERATED COPY TABLES

__TI_cinit_table @ 000008a0 records: 1, size/record: 8, table size: 8
	.data: load addr=00000898, load size=00000005 bytes, run addr=20200000, run size=00000001 bytes, compression=lzss


LINKER GENERATED HANDLER TABLE

__TI_handler_table @ 00000890 records: 2, size/record: 4, table size: 8
	index: 0, handler: __TI_decompress_lzss
	index: 1, handler: __TI_decompress_none


GLOBAL SYMBOLS: SORTED ALPHABETICALLY BY Name 

address   name                          
-------   ----                          
0000054b  ADC0_IRQHandler               
0000054b  ADC1_IRQHandler               
0000054b  AES_IRQHandler                
0000081a  C$$EXIT                       
0000054b  CANFD0_IRQHandler             
0000054b  DAC0_IRQHandler               
00000801  DL_Common_delayCycles         
00000685  DL_UART_init                  
000007dd  DL_UART_setClockConfig        
00000771  DL_UART_transmitDataBlocking  
0000054b  DMA_IRQHandler                
0000054b  Default_Handler               
0000054b  GROUP0_IRQHandler             
0000054b  GROUP1_IRQHandler             
0000081b  HOSTexit                      
0000054b  HardFault_Handler             
0000054b  I2C0_IRQHandler               
0000054b  I2C1_IRQHandler               
0000054b  NMI_Handler                   
0000054b  PendSV_Handler                
0000054b  RTC_IRQHandler                
0000081f  Reset_Handler                 
0000054b  SPI0_IRQHandler               
0000054b  SPI1_IRQHandler               
0000054b  SVC_Handler                   
000003a9  SYSCFG_DL_GPIO_init           
00000639  SYSCFG_DL_SYSCTL_init         
000005c9  SYSCFG_DL_UART_0_init         
000007c9  SYSCFG_DL_init                
00000709  SYSCFG_DL_initPower           
0000054b  SysTick_Handler               
0000054b  TIMA0_IRQHandler              
0000054b  TIMA1_IRQHandler              
0000054b  TIMG0_IRQHandler              
0000054b  TIMG12_IRQHandler             
0000054b  TIMG6_IRQHandler              
0000054b  TIMG7_IRQHandler              
0000054b  TIMG8_IRQHandler              
0000073d  UART0_IRQHandler              
0000054b  UART1_IRQHandler              
0000054b  UART2_IRQHandler              
0000054b  UART3_IRQHandler              
20208000  __STACK_END                   
00000200  __STACK_SIZE                  
00000000  __TI_ATRegion0_region_sz      
00000000  __TI_ATRegion0_src_addr       
00000000  __TI_ATRegion0_trg_addr       
00000000  __TI_ATRegion1_region_sz      
00000000  __TI_ATRegion1_src_addr       
00000000  __TI_ATRegion1_trg_addr       
00000000  __TI_ATRegion2_region_sz      
00000000  __TI_ATRegion2_src_addr       
00000000  __TI_ATRegion2_trg_addr       
000008a0  __TI_CINIT_Base               
000008a8  __TI_CINIT_Limit              
000008a8  __TI_CINIT_Warm               
00000890  __TI_Handler_Table_Base       
00000898  __TI_Handler_Table_Limit      
000006cd  __TI_auto_init_nobinit_nopinit
0000054d  __TI_decompress_lzss          
000007ef  __TI_decompress_none          
ffffffff  __TI_pprof_out_hndl           
ffffffff  __TI_prof_data_size           
ffffffff  __TI_prof_data_start          
00000000  __TI_static_base__            
0000080d  __aeabi_memcpy                
0000080d  __aeabi_memcpy4               
0000080d  __aeabi_memcpy8               
ffffffff  __binit__                     
UNDEFED   __mpu_init                    
20207e00  __stack                       
20200000  __start___llvm_prf_bits       
20200000  __start___llvm_prf_cnts       
20200000  __stop___llvm_prf_bits        
20200000  __stop___llvm_prf_cnts        
000007a1  _c_int00_noargs               
UNDEFED   _system_post_cinit            
00000823  _system_pre_init              
00000815  abort                         
ffffffff  binit                         
20200000  gEchoData                     
00000000  interruptVectors              
000000c1  main                          
000004b1  memcpy                        


GLOBAL SYMBOLS: SORTED BY Symbol Address 

address   name                          
-------   ----                          
00000000  __TI_ATRegion0_region_sz      
00000000  __TI_ATRegion0_src_addr       
00000000  __TI_ATRegion0_trg_addr       
00000000  __TI_ATRegion1_region_sz      
00000000  __TI_ATRegion1_src_addr       
00000000  __TI_ATRegion1_trg_addr       
00000000  __TI_ATRegion2_region_sz      
00000000  __TI_ATRegion2_src_addr       
00000000  __TI_ATRegion2_trg_addr       
00000000  __TI_static_base__            
00000000  interruptVectors              
000000c1  main                          
00000200  __STACK_SIZE                  
000003a9  SYSCFG_DL_GPIO_init           
000004b1  memcpy                        
0000054b  ADC0_IRQHandler               
0000054b  ADC1_IRQHandler               
0000054b  AES_IRQHandler                
0000054b  CANFD0_IRQHandler             
0000054b  DAC0_IRQHandler               
0000054b  DMA_IRQHandler                
0000054b  Default_Handler               
0000054b  GROUP0_IRQHandler             
0000054b  GROUP1_IRQHandler             
0000054b  HardFault_Handler             
0000054b  I2C0_IRQHandler               
0000054b  I2C1_IRQHandler               
0000054b  NMI_Handler                   
0000054b  PendSV_Handler                
0000054b  RTC_IRQHandler                
0000054b  SPI0_IRQHandler               
0000054b  SPI1_IRQHandler               
0000054b  SVC_Handler                   
0000054b  SysTick_Handler               
0000054b  TIMA0_IRQHandler              
0000054b  TIMA1_IRQHandler              
0000054b  TIMG0_IRQHandler              
0000054b  TIMG12_IRQHandler             
0000054b  TIMG6_IRQHandler              
0000054b  TIMG7_IRQHandler              
0000054b  TIMG8_IRQHandler              
0000054b  UART1_IRQHandler              
0000054b  UART2_IRQHandler              
0000054b  UART3_IRQHandler              
0000054d  __TI_decompress_lzss          
000005c9  SYSCFG_DL_UART_0_init         
00000639  SYSCFG_DL_SYSCTL_init         
00000685  DL_UART_init                  
000006cd  __TI_auto_init_nobinit_nopinit
00000709  SYSCFG_DL_initPower           
0000073d  UART0_IRQHandler              
00000771  DL_UART_transmitDataBlocking  
000007a1  _c_int00_noargs               
000007c9  SYSCFG_DL_init                
000007dd  DL_UART_setClockConfig        
000007ef  __TI_decompress_none          
00000801  DL_Common_delayCycles         
0000080d  __aeabi_memcpy                
0000080d  __aeabi_memcpy4               
0000080d  __aeabi_memcpy8               
00000815  abort                         
0000081a  C$$EXIT                       
0000081b  HOSTexit                      
0000081f  Reset_Handler                 
00000823  _system_pre_init              
00000890  __TI_Handler_Table_Base       
00000898  __TI_Handler_Table_Limit      
000008a0  __TI_CINIT_Base               
000008a8  __TI_CINIT_Limit              
000008a8  __TI_CINIT_Warm               
20200000  __start___llvm_prf_bits       
20200000  __start___llvm_prf_cnts       
20200000  __stop___llvm_prf_bits        
20200000  __stop___llvm_prf_cnts        
20200000  gEchoData                     
20207e00  __stack                       
20208000  __STACK_END                   
ffffffff  __TI_pprof_out_hndl           
ffffffff  __TI_prof_data_size           
ffffffff  __TI_prof_data_start          
ffffffff  __binit__                     
ffffffff  binit                         
UNDEFED   __mpu_init                    
UNDEFED   _system_post_cinit            

[84 symbols]
