******************************************************************************
            TI ARM Clang Linker PC v4.0.4                      
******************************************************************************
>> Linked Thu Jun  4 09:25:26 2026

OUTPUT FILE NAME:   <adc12_internal_temp_sensor_mathacl---test.out>
ENTRY POINT SYMBOL: "_c_int00_noargs"  address: 000022dd


MEMORY CONFIGURATION

         name            origin    length      used     unused   attr    fill
----------------------  --------  ---------  --------  --------  ----  --------
  FLASH                 00000000   00020000  00002650  0001d9b0  R  X
  SRAM                  20200000   00008000  00000211  00007def  RW X
  BCR_CONFIG            41c00000   000000ff  00000000  000000ff  R   
  BSL_CONFIG            41c00100   00000080  00000000  00000080  R   


SEGMENT ALLOCATION MAP

run origin  load origin   length   init length attrs members
----------  ----------- ---------- ----------- ----- -------
00000000    00000000    00002650   00002650    r-x
  00000000    00000000    000000c0   000000c0    r-- .intvecs
  000000c0    000000c0    00002420   00002420    r-x .text
  000024e0    000024e0    00000140   00000140    r-- .rodata
  00002620    00002620    00000030   00000030    r-- .cinit
20200000    20200000    00000014   00000000    rw-
  20200000    20200000    00000009   00000000    rw- .bss
  2020000c    2020000c    00000008   00000000    rw- .data
20207e00    20207e00    00000200   00000000    rw-
  20207e00    20207e00    00000200   00000000    rw- .stack


SECTION ALLOCATION MAP

 output                                  attributes/
section   page    origin      length       input sections
--------  ----  ----------  ----------   ----------------
.intvecs   0    00000000    000000c0     
                  00000000    000000c0     startup_mspm0g350x_ticlang.o (.intvecs)

.text      0    000000c0    00002420     
                  000000c0    000009d0     libc.a : _printfi.c.obj (.text:__TI_printfi)
                  00000a90    00000380     adc12_internal_temp_sensor_mathacl.o (.text.main)
                  00000e10    00000220     libc.a : _printfi.c.obj (.text._pconv_a)
                  00001030    000001dc            : _printfi.c.obj (.text._pconv_g)
                  0000120c    00000192     libclang_rt.builtins.a : adddf3.S.obj (.text.adddf3_subdf3)
                  0000139e    00000002     startup_mspm0g350x_ticlang.o (.text.Default_Handler)
                  000013a0    0000013c     libc.a : _printfi.c.obj (.text.fcvt)
                  000014dc    00000120            : _printfi.c.obj (.text._pconv_e)
                  000015fc    0000010c     libclang_rt.builtins.a : divdf3.S.obj (.text.__divdf3)
                  00001708    000000e4                            : muldf3.S.obj (.text.__muldf3)
                  000017ec    000000d8     libc.a : s_scalbn.c.obj (.text.scalbn)
                  000018c4    000000a2     libclang_rt.builtins.a : udivmoddi4.S.obj (.text)
                  00001966    0000009a     libc.a : memcpy16.S.obj (.text:memcpy)
                  00001a00    0000007c            : copy_decompress_lzss.c.obj (.text:decompress:lzss)
                  00001a7c    00000074     libclang_rt.builtins.a : comparedf2.c.obj (.text.__gedf2)
                  00001af0    00000070     ti_msp_dl_config.o (.text.SYSCFG_DL_UART_0_init)
                  00001b60    00000068     libclang_rt.builtins.a : comparedf2.c.obj (.text.__ledf2)
                  00001bc8    00000066     libc.a : _printfi.c.obj (.text._mcpy)
                  00001c2e    00000002     libclang_rt.builtins.a : aeabi_div0.c.obj (.text.__aeabi_idiv0)
                  00001c30    00000062                            : aeabi_dcmp.S.obj (.text.__aeabi_dcmp)
                  00001c92    00000062     libc.a : memset16.S.obj (.text:memset)
                  00001cf4    00000060     ti_msp_dl_config.o (.text.SYSCFG_DL_ADC12_0_init)
                  00001d54    0000005c     libc.a : s_frexp.c.obj (.text.frexp)
                  00001db0    00000058            : _ltoa.c.obj (.text.__TI_ltoa)
                  00001e08    00000058            : _printfi.c.obj (.text._pconv_f)
                  00001e60    00000056     libclang_rt.builtins.a : aeabi_idivmod.S.obj (.text.__aeabi_idivmod)
                  00001eb6    00000052     libc.a : _printfi.c.obj (.text._ecpy)
                  00001f08    0000004c     ti_msp_dl_config.o (.text.SYSCFG_DL_initPower)
                  00001f54    0000004c     libc.a : snprintf.c.obj (.text.snprintf)
                  00001fa0    0000004a     libclang_rt.builtins.a : fixdfsi.S.obj (.text.__fixdfsi)
                  00001fea    00000002                            : aeabi_div0.c.obj (.text.__aeabi_ldiv0)
                  00001fec    00000048     driverlib.a : dl_uart.o (.text.DL_UART_init)
                  00002034    00000040                 : dl_adc12.o (.text.DL_ADC12_setClockConfig)
                  00002074    00000040     ti_msp_dl_config.o (.text.SYSCFG_DL_SYSCTL_init)
                  000020b4    00000040     libclang_rt.builtins.a : aeabi_uidivmod.S.obj (.text.__aeabi_uidivmod)
                  000020f4    00000040                            : extendsfdf2.S.obj (.text.__extendsfdf2)
                  00002134    00000040     libc.a : atoi.c.obj (.text.atoi)
                  00002174    0000003c            : autoinit.c.obj (.text:__TI_auto_init_nobinit_nopinit)
                  000021b0    0000003a     libclang_rt.builtins.a : muldsi3.S.obj (.text.__muldsi3)
                  000021ea    00000002     --HOLE-- [fill = 0]
                  000021ec    00000034     iqmath.a : _IQNtoF.o (.text._IQ15toF)
                  00002220    00000030     driverlib.a : dl_uart.o (.text.DL_UART_transmitDataBlocking)
                  00002250    00000030     libc.a : _printfi.c.obj (.text._fcpy)
                  00002280    00000030            : snprintf.c.obj (.text._outs)
                  000022b0    0000002c     libclang_rt.builtins.a : floatsidf.S.obj (.text.__floatsidf)
                  000022dc    00000028     libc.a : boot_cortex_m.c.obj (.text:_c_int00_noargs)
                  00002304    00000024     libclang_rt.builtins.a : muldi3.S.obj (.text.__muldi3)
                  00002328    00000022     libc.a : memccpy.c.obj (.text.memccpy)
                  0000234a    00000002     --HOLE-- [fill = 0]
                  0000234c    0000001e     libclang_rt.builtins.a : ashldi3.S.obj (.text.__ashldi3)
                  0000236a    00000002     --HOLE-- [fill = 0]
                  0000236c    0000001c     adc12_internal_temp_sensor_mathacl.o (.text.ADC0_IRQHandler)
                  00002388    00000018     ti_msp_dl_config.o (.text.SYSCFG_DL_init)
                  000023a0    00000018     iqmath.a : _IQNdiv.o (.text._IQ15div)
                  000023b8    00000018              : _IQNmpy.o (.text._IQ15mpy)
                  000023d0    00000018     libc.a : snprintf.c.obj (.text._outc)
                  000023e8    00000016            : copy_zero_init.c.obj (.text:decompress:ZI:__TI_zero_init_nomemset)
                  000023fe    00000002     --HOLE-- [fill = 0]
                  00002400    00000014     ti_msp_dl_config.o (.text.SYSCFG_DL_GPIO_init)
                  00002414    00000014     libclang_rt.builtins.a : aeabi_uldivmod.S.obj (.text.__aeabi_uldivmod)
                  00002428    00000014     libc.a : _printfi.c.obj (.text.strchr)
                  0000243c    00000012     driverlib.a : dl_uart.o (.text.DL_UART_setClockConfig)
                  0000244e    00000012     libc.a : copy_decompress_none.c.obj (.text:decompress:none)
                  00002460    00000010            : wcslen.c.obj (.text.wcslen)
                  00002470    0000000e     libclang_rt.builtins.a : aeabi_memset.S.obj (.text.__aeabi_memset)
                  0000247e    0000000e     libc.a : _printfi.c.obj (.text.strlen)
                  0000248c    0000000a     driverlib.a : dl_common.o (.text.DL_Common_delayCycles)
                  00002496    0000000a     libc.a : _printfi.c.obj (.text.OUTLINED_FUNCTION_0)
                  000024a0    00000010     libclang_rt.builtins.a : adddf3.S.obj (.tramp.__aeabi_dsub.1)
                  000024b0    0000000a     libc.a : _printfi.c.obj (.text.OUTLINED_FUNCTION_1)
                  000024ba    00000002     --HOLE-- [fill = 0]
                  000024bc    00000008            : aeabi_portable.c.obj (.text.__aeabi_errno_addr)
                  000024c4    00000008     libclang_rt.builtins.a : aeabi_memcpy.S.obj (.text.__aeabi_memcpy)
                  000024cc    00000006     libc.a : exit.c.obj (.text:abort)
                  000024d2    00000004     libsysbm.a : hostexit.c.obj (.text.HOSTexit)
                  000024d6    00000004     startup_mspm0g350x_ticlang.o (.text.Reset_Handler)
                  000024da    00000004     libc.a : pre_init.c.obj (.text._system_pre_init)
                  000024de    00000002     --HOLE-- [fill = 0]

.cinit     0    00002620    00000030     
                  00002620    0000000c     (__TI_handler_table)
                  0000262c    00000008     (.cinit..bss.load) [load image, compression = zero_init]
                  00002634    00000007     (.cinit..data.load) [load image, compression = lzss]
                  0000263b    00000001     --HOLE-- [fill = 0]
                  0000263c    00000010     (__TI_cinit_table)
                  0000264c    00000004     --HOLE-- [fill = 0]

.rodata    0    000024e0    00000140     
                  000024e0    00000101     libc.a : aeabi_ctype.S.obj (.rodata:__aeabi_ctype_table_)
                  000025e1    00000011            : _printfi.c.obj (.rodata.str1.10348868589481759720.1)
                  000025f2    00000011            : _printfi.c.obj (.rodata.str1.15363888844622738466.1)
                  00002603    00000001     --HOLE-- [fill = 0]
                  00002604    0000000a     ti_msp_dl_config.o (.rodata.gUART_0Config)
                  0000260e    00000002     ti_msp_dl_config.o (.rodata.gUART_0ClockConfig)
                  00002610    00000008     ti_msp_dl_config.o (.rodata.gADC12_0ClockConfig)
                  00002618    00000005     adc12_internal_temp_sensor_mathacl.o (.rodata.str1.457334889353868264.1)
                  0000261d    00000003     --HOLE-- [fill = 0]

.init_array 
*          0    00000000    00000000     UNINITIALIZED

.binit     0    00000000    00000000     

.bss       0    20200000    00000009     UNINITIALIZED
                  20200000    00000004     (.common:gTemperatureDegC)
                  20200004    00000004     (.common:gTemperatureDegF)
                  20200008    00000001     (.common:gCheckADC)

.data      0    2020000c    00000008     UNINITIALIZED
                  2020000c    00000004     libc.a : aeabi_portable.c.obj (.data.__aeabi_errno)
                  20200010    00000004     adc12_internal_temp_sensor_mathacl.o (.data.counter)

.stack     0    20207e00    00000200     UNINITIALIZED
                  20207e00    00000004     libc.a : boot_cortex_m.c.obj (.stack)
                  20207e04    000001fc     --HOLE--

__llvm_prf_cnts 
*          0    20200000    00000000     UNINITIALIZED

__llvm_prf_bits 
*          0    20200000    00000000     UNINITIALIZED

MODULE SUMMARY

       Module                                 code   ro data   rw data
       ------                                 ----   -------   -------
    .\
       adc12_internal_temp_sensor_mathacl.o   924    5         13     
       ti_msp_dl_config.o                     392    20        0      
       startup_mspm0g350x_ticlang.o           6      192       0      
    +--+--------------------------------------+------+---------+---------+
       Total:                                 1322   217       13     
                                                                      
    C:/ti/mspm0_sdk_2_10_00_04/source/ti/driverlib/lib/ticlang/m0p/mspm0g1x0x_g3x0x/driverlib.a
       dl_uart.o                              138    0         0      
       dl_adc12.o                             64     0         0      
       dl_common.o                            10     0         0      
    +--+--------------------------------------+------+---------+---------+
       Total:                                 212    0         0      
                                                                      
    C:/ti/mspm0_sdk_2_10_00_04/source/ti/iqmath/lib/ticlang/m0p/mathacl/mspm0g1x0x_g3x0x/iqmath.a
       _IQNtoF.o                              52     0         0      
       _IQNdiv.o                              24     0         0      
       _IQNmpy.o                              24     0         0      
    +--+--------------------------------------+------+---------+---------+
       Total:                                 100    0         0      
                                                                      
    C:\ti\ccs2051\ccs\tools\compiler\ti-cgt-armllvm_4.0.4.LTS\lib\armv6m-ti-none-eabi/c/libc.a
       _printfi.c.obj                         4510   34        0      
       aeabi_ctype.S.obj                      0      257       0      
       s_scalbn.c.obj                         216    0         0      
       memcpy16.S.obj                         154    0         0      
       snprintf.c.obj                         148    0         0      
       copy_decompress_lzss.c.obj             124    0         0      
       memset16.S.obj                         98     0         0      
       s_frexp.c.obj                          92     0         0      
       _ltoa.c.obj                            88     0         0      
       atoi.c.obj                             64     0         0      
       autoinit.c.obj                         60     0         0      
       boot_cortex_m.c.obj                    40     0         0      
       memccpy.c.obj                          34     0         0      
       copy_zero_init.c.obj                   22     0         0      
       copy_decompress_none.c.obj             18     0         0      
       wcslen.c.obj                           16     0         0      
       aeabi_portable.c.obj                   8      0         4      
       exit.c.obj                             6      0         0      
       pre_init.c.obj                         4      0         0      
    +--+--------------------------------------+------+---------+---------+
       Total:                                 5702   291       4      
                                                                      
    C:\ti\ccs2051\ccs\tools\compiler\ti-cgt-armllvm_4.0.4.LTS\lib\armv6m-ti-none-eabi/c/libsysbm.a
       hostexit.c.obj                         4      0         0      
    +--+--------------------------------------+------+---------+---------+
       Total:                                 4      0         0      
                                                                      
    C:\ti\ccs2051\ccs\tools\compiler\ti-cgt-armllvm_4.0.4.LTS\lib\armv6m-ti-none-eabi/libclang_rt.builtins.a
       adddf3.S.obj                           418    0         0      
       divdf3.S.obj                           268    0         0      
       muldf3.S.obj                           228    0         0      
       comparedf2.c.obj                       220    0         0      
       udivmoddi4.S.obj                       162    0         0      
       aeabi_dcmp.S.obj                       98     0         0      
       aeabi_idivmod.S.obj                    86     0         0      
       fixdfsi.S.obj                          74     0         0      
       aeabi_uidivmod.S.obj                   64     0         0      
       extendsfdf2.S.obj                      64     0         0      
       muldsi3.S.obj                          58     0         0      
       floatsidf.S.obj                        44     0         0      
       muldi3.S.obj                           36     0         0      
       ashldi3.S.obj                          30     0         0      
       aeabi_uldivmod.S.obj                   20     0         0      
       aeabi_memset.S.obj                     14     0         0      
       aeabi_memcpy.S.obj                     8      0         0      
       aeabi_div0.c.obj                       4      0         0      
    +--+--------------------------------------+------+---------+---------+
       Total:                                 1896   0         0      
                                                                      
       Stack:                                 0      0         512    
       Linker Generated:                      0      43        0      
    +--+--------------------------------------+------+---------+---------+
       Grand Total:                           9236   551       529    


LINKER GENERATED COPY TABLES

__TI_cinit_table @ 0000263c records: 2, size/record: 8, table size: 16
	.bss: load addr=0000262c, load size=00000008 bytes, run addr=20200000, run size=00000009 bytes, compression=zero_init
	.data: load addr=00002634, load size=00000007 bytes, run addr=2020000c, run size=00000008 bytes, compression=lzss


LINKER GENERATED HANDLER TABLE

__TI_handler_table @ 00002620 records: 3, size/record: 4, table size: 12
	index: 0, handler: __TI_decompress_lzss
	index: 1, handler: __TI_decompress_none
	index: 2, handler: __TI_zero_init


FAR CALL TRAMPOLINES

callee name               trampoline name
   callee addr  tramp addr   call addr  call info
--------------  -----------  ---------  ----------------
__aeabi_dsub              $Tramp$TT$L$PI$$__aeabi_dsub
   0000120d     000024a0     0000249e   libc.a : _printfi.c.obj (.text.OUTLINED_FUNCTION_0)

[1 trampolines]
[1 trampoline calls]


GLOBAL SYMBOLS: SORTED ALPHABETICALLY BY Name 

address   name                          
-------   ----                          
0000236d  ADC0_IRQHandler               
0000139f  ADC1_IRQHandler               
0000139f  AES_IRQHandler                
000024d2  C$$EXIT                       
0000139f  CANFD0_IRQHandler             
0000139f  DAC0_IRQHandler               
00002035  DL_ADC12_setClockConfig       
0000248d  DL_Common_delayCycles         
00001fed  DL_UART_init                  
0000243d  DL_UART_setClockConfig        
00002221  DL_UART_transmitDataBlocking  
0000139f  DMA_IRQHandler                
0000139f  Default_Handler               
0000139f  GROUP0_IRQHandler             
0000139f  GROUP1_IRQHandler             
000024d3  HOSTexit                      
0000139f  HardFault_Handler             
0000139f  I2C0_IRQHandler               
0000139f  I2C1_IRQHandler               
0000139f  NMI_Handler                   
0000139f  PendSV_Handler                
0000139f  RTC_IRQHandler                
000024d7  Reset_Handler                 
0000139f  SPI0_IRQHandler               
0000139f  SPI1_IRQHandler               
0000139f  SVC_Handler                   
00001cf5  SYSCFG_DL_ADC12_0_init        
00002401  SYSCFG_DL_GPIO_init           
00002075  SYSCFG_DL_SYSCTL_init         
00001af1  SYSCFG_DL_UART_0_init         
00002389  SYSCFG_DL_init                
00001f09  SYSCFG_DL_initPower           
0000139f  SysTick_Handler               
0000139f  TIMA0_IRQHandler              
0000139f  TIMA1_IRQHandler              
0000139f  TIMG0_IRQHandler              
0000139f  TIMG12_IRQHandler             
0000139f  TIMG6_IRQHandler              
0000139f  TIMG7_IRQHandler              
0000139f  TIMG8_IRQHandler              
0000139f  UART0_IRQHandler              
0000139f  UART1_IRQHandler              
0000139f  UART2_IRQHandler              
0000139f  UART3_IRQHandler              
000023a1  _IQ15div                      
000023b9  _IQ15mpy                      
000021ed  _IQ15toF                      
20208000  __STACK_END                   
00000200  __STACK_SIZE                  
00000000  __TI_ATRegion0_region_sz      
00000000  __TI_ATRegion0_src_addr       
00000000  __TI_ATRegion0_trg_addr       
00000000  __TI_ATRegion1_region_sz      
00000000  __TI_ATRegion1_src_addr       
00000000  __TI_ATRegion1_trg_addr       
00000000  __TI_ATRegion2_region_sz      
00000000  __TI_ATRegion2_src_addr       
00000000  __TI_ATRegion2_trg_addr       
0000263c  __TI_CINIT_Base               
0000264c  __TI_CINIT_Limit              
0000264c  __TI_CINIT_Warm               
00002620  __TI_Handler_Table_Base       
0000262c  __TI_Handler_Table_Limit      
00002175  __TI_auto_init_nobinit_nopinit
00001a01  __TI_decompress_lzss          
0000244f  __TI_decompress_none          
00001db1  __TI_ltoa                     
ffffffff  __TI_pprof_out_hndl           
000000c1  __TI_printfi                  
ffffffff  __TI_prof_data_size           
ffffffff  __TI_prof_data_start          
00000000  __TI_static_base__            
000023e9  __TI_zero_init_nomemset       
00001217  __adddf3                      
000024e0  __aeabi_ctype_table_          
000024e0  __aeabi_ctype_table_C         
00001fa1  __aeabi_d2iz                  
00001217  __aeabi_dadd                  
00001c31  __aeabi_dcmpeq                
00001c6d  __aeabi_dcmpge                
00001c81  __aeabi_dcmpgt                
00001c59  __aeabi_dcmple                
00001c45  __aeabi_dcmplt                
000015fd  __aeabi_ddiv                  
00001709  __aeabi_dmul                  
0000120d  __aeabi_dsub                  
2020000c  __aeabi_errno                 
000024bd  __aeabi_errno_addr            
000020f5  __aeabi_f2d                   
000022b1  __aeabi_i2d                   
00001e61  __aeabi_idiv                  
00001c2f  __aeabi_idiv0                 
00001e61  __aeabi_idivmod               
00001feb  __aeabi_ldiv0                 
0000234d  __aeabi_llsl                  
00002305  __aeabi_lmul                  
000024c5  __aeabi_memcpy                
000024c5  __aeabi_memcpy4               
000024c5  __aeabi_memcpy8               
00002471  __aeabi_memset                
00002471  __aeabi_memset4               
00002471  __aeabi_memset8               
000020b5  __aeabi_uidiv                 
000020b5  __aeabi_uidivmod              
00002415  __aeabi_uldivmod              
0000234d  __ashldi3                     
ffffffff  __binit__                     
00001b61  __cmpdf2                      
000015fd  __divdf3                      
00001b61  __eqdf2                       
000020f5  __extendsfdf2                 
00001fa1  __fixdfsi                     
000022b1  __floatsidf                   
00001a7d  __gedf2                       
00001a7d  __gtdf2                       
00001b61  __ledf2                       
00001b61  __ltdf2                       
UNDEFED   __mpu_init                    
00001709  __muldf3                      
00002305  __muldi3                      
000021b1  __muldsi3                     
00001b61  __nedf2                       
20207e00  __stack                       
20200000  __start___llvm_prf_bits       
20200000  __start___llvm_prf_cnts       
20200000  __stop___llvm_prf_bits        
20200000  __stop___llvm_prf_cnts        
0000120d  __subdf3                      
000018c5  __udivmoddi4                  
000022dd  _c_int00_noargs               
UNDEFED   _system_post_cinit            
000024db  _system_pre_init              
000024cd  abort                         
00002135  atoi                          
ffffffff  binit                         
20200010  counter                       
00001d55  frexp                         
00001d55  frexpl                        
20200008  gCheckADC                     
20200000  gTemperatureDegC              
20200004  gTemperatureDegF              
00000000  interruptVectors              
000017ed  ldexp                         
000017ed  ldexpl                        
00000a91  main                          
00002329  memccpy                       
00001967  memcpy                        
00001c93  memset                        
000017ed  scalbn                        
000017ed  scalbnl                       
00001f55  snprintf                      
00002461  wcslen                        


GLOBAL SYMBOLS: SORTED BY Symbol Address 

address   name                          
-------   ----                          
00000000  __TI_ATRegion0_region_sz      
00000000  __TI_ATRegion0_src_addr       
00000000  __TI_ATRegion0_trg_addr       
00000000  __TI_ATRegion1_region_sz      
00000000  __TI_ATRegion1_src_addr       
00000000  __TI_ATRegion1_trg_addr       
00000000  __TI_ATRegion2_region_sz      
00000000  __TI_ATRegion2_src_addr       
00000000  __TI_ATRegion2_trg_addr       
00000000  __TI_static_base__            
00000000  interruptVectors              
000000c1  __TI_printfi                  
00000200  __STACK_SIZE                  
00000a91  main                          
0000120d  __aeabi_dsub                  
0000120d  __subdf3                      
00001217  __adddf3                      
00001217  __aeabi_dadd                  
0000139f  ADC1_IRQHandler               
0000139f  AES_IRQHandler                
0000139f  CANFD0_IRQHandler             
0000139f  DAC0_IRQHandler               
0000139f  DMA_IRQHandler                
0000139f  Default_Handler               
0000139f  GROUP0_IRQHandler             
0000139f  GROUP1_IRQHandler             
0000139f  HardFault_Handler             
0000139f  I2C0_IRQHandler               
0000139f  I2C1_IRQHandler               
0000139f  NMI_Handler                   
0000139f  PendSV_Handler                
0000139f  RTC_IRQHandler                
0000139f  SPI0_IRQHandler               
0000139f  SPI1_IRQHandler               
0000139f  SVC_Handler                   
0000139f  SysTick_Handler               
0000139f  TIMA0_IRQHandler              
0000139f  TIMA1_IRQHandler              
0000139f  TIMG0_IRQHandler              
0000139f  TIMG12_IRQHandler             
0000139f  TIMG6_IRQHandler              
0000139f  TIMG7_IRQHandler              
0000139f  TIMG8_IRQHandler              
0000139f  UART0_IRQHandler              
0000139f  UART1_IRQHandler              
0000139f  UART2_IRQHandler              
0000139f  UART3_IRQHandler              
000015fd  __aeabi_ddiv                  
000015fd  __divdf3                      
00001709  __aeabi_dmul                  
00001709  __muldf3                      
000017ed  ldexp                         
000017ed  ldexpl                        
000017ed  scalbn                        
000017ed  scalbnl                       
000018c5  __udivmoddi4                  
00001967  memcpy                        
00001a01  __TI_decompress_lzss          
00001a7d  __gedf2                       
00001a7d  __gtdf2                       
00001af1  SYSCFG_DL_UART_0_init         
00001b61  __cmpdf2                      
00001b61  __eqdf2                       
00001b61  __ledf2                       
00001b61  __ltdf2                       
00001b61  __nedf2                       
00001c2f  __aeabi_idiv0                 
00001c31  __aeabi_dcmpeq                
00001c45  __aeabi_dcmplt                
00001c59  __aeabi_dcmple                
00001c6d  __aeabi_dcmpge                
00001c81  __aeabi_dcmpgt                
00001c93  memset                        
00001cf5  SYSCFG_DL_ADC12_0_init        
00001d55  frexp                         
00001d55  frexpl                        
00001db1  __TI_ltoa                     
00001e61  __aeabi_idiv                  
00001e61  __aeabi_idivmod               
00001f09  SYSCFG_DL_initPower           
00001f55  snprintf                      
00001fa1  __aeabi_d2iz                  
00001fa1  __fixdfsi                     
00001feb  __aeabi_ldiv0                 
00001fed  DL_UART_init                  
00002035  DL_ADC12_setClockConfig       
00002075  SYSCFG_DL_SYSCTL_init         
000020b5  __aeabi_uidiv                 
000020b5  __aeabi_uidivmod              
000020f5  __aeabi_f2d                   
000020f5  __extendsfdf2                 
00002135  atoi                          
00002175  __TI_auto_init_nobinit_nopinit
000021b1  __muldsi3                     
000021ed  _IQ15toF                      
00002221  DL_UART_transmitDataBlocking  
000022b1  __aeabi_i2d                   
000022b1  __floatsidf                   
000022dd  _c_int00_noargs               
00002305  __aeabi_lmul                  
00002305  __muldi3                      
00002329  memccpy                       
0000234d  __aeabi_llsl                  
0000234d  __ashldi3                     
0000236d  ADC0_IRQHandler               
00002389  SYSCFG_DL_init                
000023a1  _IQ15div                      
000023b9  _IQ15mpy                      
000023e9  __TI_zero_init_nomemset       
00002401  SYSCFG_DL_GPIO_init           
00002415  __aeabi_uldivmod              
0000243d  DL_UART_setClockConfig        
0000244f  __TI_decompress_none          
00002461  wcslen                        
00002471  __aeabi_memset                
00002471  __aeabi_memset4               
00002471  __aeabi_memset8               
0000248d  DL_Common_delayCycles         
000024bd  __aeabi_errno_addr            
000024c5  __aeabi_memcpy                
000024c5  __aeabi_memcpy4               
000024c5  __aeabi_memcpy8               
000024cd  abort                         
000024d2  C$$EXIT                       
000024d3  HOSTexit                      
000024d7  Reset_Handler                 
000024db  _system_pre_init              
000024e0  __aeabi_ctype_table_          
000024e0  __aeabi_ctype_table_C         
00002620  __TI_Handler_Table_Base       
0000262c  __TI_Handler_Table_Limit      
0000263c  __TI_CINIT_Base               
0000264c  __TI_CINIT_Limit              
0000264c  __TI_CINIT_Warm               
20200000  __start___llvm_prf_bits       
20200000  __start___llvm_prf_cnts       
20200000  __stop___llvm_prf_bits        
20200000  __stop___llvm_prf_cnts        
20200000  gTemperatureDegC              
20200004  gTemperatureDegF              
20200008  gCheckADC                     
2020000c  __aeabi_errno                 
20200010  counter                       
20207e00  __stack                       
20208000  __STACK_END                   
ffffffff  __TI_pprof_out_hndl           
ffffffff  __TI_prof_data_size           
ffffffff  __TI_prof_data_start          
ffffffff  __binit__                     
ffffffff  binit                         
UNDEFED   __mpu_init                    
UNDEFED   _system_post_cinit            

[152 symbols]
